// Jest Snapshot v1, https://goo.gl/fbAQLP

exports[`Loader matches snapshot 1`] = `
<Loader>
  <div
    className="loader"
  >
    <div
      className="loader__circle"
    >
      <div
        className="rays"
        key="1"
      >
        <div
          className="ray ray--north"
        />
        <div
          className="ray ray--west"
        />
        <div
          className="ray ray--south"
        />
        <div
          className="ray ray--east"
        />
      </div>
      <div
        className="rays"
        key="2"
      >
        <div
          className="ray ray--north"
        />
        <div
          className="ray ray--west"
        />
        <div
          className="ray ray--south"
        />
        <div
          className="ray ray--east"
        />
      </div>
    </div>
  </div>
</Loader>
`;
